// Vitest Snapshot v1, https://vitest.dev/guide/snapshot.html

exports[`console output snapshots > failed message with banner 1`] = `
[
  [
    "[31m
‚°Ä‚°Ä‚°Ä‚°Ä‚°Ä‚°Ä‚°Ä‚°Ä‚°Ä‚°Ä‚°Ä‚£†‚°Ä‚°Ä‚°Ä‚°Ä‚°Ä‚°Ä‚°Ä‚°Ä‚°Ä‚°Ä‚°Ä‚°Ä‚°Ä‚°Ä‚°Ä‚°Ä‚°Ä‚°Ä‚£†‚°Ñ‚°Ä‚°Ä‚°Ä‚°Ä‚°Ä‚°Ä‚°Ä‚°Ä‚°Ä‚°Ä‚°Ä‚°Ä‚°Ä
‚°Ä‚°Ä‚°ò‚°õ‚£©‚°ø‚°â‚°Ä‚°Ä‚°Ä‚°Ä‚£∏‚°Ä‚°Ä‚£Ä‚°Ä‚°Ä‚°Ä‚°Ä‚£§‚£§‚£§‚£¥‚°∂‚°∂‚°õ‚°Ä‚°Ä‚£Ä‚£Ä‚£∏‚£Ä‚°Ä‚°Ä‚°Ä‚°Ä‚°Ä‚°Ä‚°Ä‚°∞‚°∂‚°Ä‚°Ä‚°Ä‚°Ä
‚°Ä‚£Ä‚£†‚£û‚£•‚£§‚£§‚°∂‚°Ä‚°Ä‚°ã‚£π‚£¥‚°ã‚°Ä‚°á‚°Ä‚°Ä‚°Ä‚°Ä‚°Ä‚£∞‚°ã‚°Ä‚£å‚°≥‚°Ä‚°Ä‚°Ä‚°Ä‚£ø‚°Ä‚°Ä‚°Ä‚°Ä‚°Ä‚°Ä‚°Ä‚°Ä‚°Ä‚°á‚°Ä‚°Ä‚°Ä‚°Ä
‚°Ä‚°â‚°Ä‚£†‚°è‚°Ä‚°Ä‚°Ä‚°Ä‚°Ä‚£†‚£ª‚°Ä‚°Ä‚°Ä‚°á‚°Ä‚°Ä‚°Ä‚°Ä‚°Ä‚£ø‚°Ä‚°Ä‚°Ä‚°Ä‚°Ä‚°Ä‚°â‚°â‚°ü‚°â‚°Å‚£∏‚°Ä‚°Ä‚°Ä‚°Ä‚°Ä‚°Ä‚°É‚°Ä‚°Ä‚°Ä‚°Ä
‚°Ä‚°Ä‚°Ä‚°∏‚£¶‚£Ä‚£Ä‚°Ä‚°Ä‚°ò‚°Å‚£∏‚°Ä‚°Ä‚°Ä‚£ß‚°æ‚°Å‚°Ä‚°Ä‚°Ä‚°à‚£∑‚£§‚£Ñ‚°Ä‚°Ä‚°Ä‚°Ä‚°Ä‚£∑‚£Ä‚£Ä‚£∏‚°Ä‚°Ä‚°Ä‚°Ä‚°Ä‚°∞‚°∂‚°Ä‚°Ä‚°Ä‚°Ä
‚°Ä‚°Ä‚°Ä‚°Ä‚°Ä‚°â‚°Å‚°Ä‚°Ä‚°Ä‚°Ä‚°à‚°Ä‚°Ä‚°Ä‚°Ä‚°Ä‚°Ä‚°Ä‚°Ä‚°Ä‚°Ä‚°Ä‚°Ä‚°Ä‚°Ä‚°Ä‚°Ä‚°Ä‚°Ä‚°Ä‚°â‚°â‚°Ä‚°Ä‚°Ä‚°Ä‚°Ä‚°Ä‚°Ä‚°Ä‚°Ä‚°Ä‚°Ä‚°Ä
[0m",
  ],
]
`;

exports[`console output snapshots > failed message without banner 1`] = `
[
  [
    "[31m „Åù„Çå„Åß„ÇÇÔºÅ [0m",
  ],
]
`;

exports[`console output snapshots > interrupted message with banner 1`] = `
[
  [
    "[31m
‚°Ä‚°Ä‚°Ä‚°Ä‚°Ä‚°Ä‚°Ä‚°Ä‚°Ä‚°Ä‚°Ä‚£†‚°Ä‚°Ä‚°Ä‚°Ä‚°Ä‚°Ä‚°Ä‚°Ä‚°Ä‚°Ä‚°Ä‚°Ä‚°Ä‚°Ä‚°Ä‚°Ä‚°Ä‚°Ä‚£†‚°Ñ‚°Ä‚°Ä‚°Ä‚°Ä‚°Ä‚°Ä‚°Ä‚°Ä‚°Ä‚°Ä‚°Ä‚°Ä‚°Ä
‚°Ä‚°Ä‚°ò‚°õ‚£©‚°ø‚°â‚°Ä‚°Ä‚°Ä‚°Ä‚£∏‚°Ä‚°Ä‚£Ä‚°Ä‚°Ä‚°Ä‚°Ä‚£§‚£§‚£§‚£¥‚°∂‚°∂‚°õ‚°Ä‚°Ä‚£Ä‚£Ä‚£∏‚£Ä‚°Ä‚°Ä‚°Ä‚°Ä‚°Ä‚°Ä‚°Ä‚°∞‚°∂‚°Ä‚°Ä‚°Ä‚°Ä
‚°Ä‚£Ä‚£†‚£û‚£•‚£§‚£§‚°∂‚°Ä‚°Ä‚°ã‚£π‚£¥‚°ã‚°Ä‚°á‚°Ä‚°Ä‚°Ä‚°Ä‚°Ä‚£∞‚°ã‚°Ä‚£å‚°≥‚°Ä‚°Ä‚°Ä‚°Ä‚£ø‚°Ä‚°Ä‚°Ä‚°Ä‚°Ä‚°Ä‚°Ä‚°Ä‚°Ä‚°á‚°Ä‚°Ä‚°Ä‚°Ä
‚°Ä‚°â‚°Ä‚£†‚°è‚°Ä‚°Ä‚°Ä‚°Ä‚°Ä‚£†‚£ª‚°Ä‚°Ä‚°Ä‚°á‚°Ä‚°Ä‚°Ä‚°Ä‚°Ä‚£ø‚°Ä‚°Ä‚°Ä‚°Ä‚°Ä‚°Ä‚°â‚°â‚°ü‚°â‚°Å‚£∏‚°Ä‚°Ä‚°Ä‚°Ä‚°Ä‚°Ä‚°É‚°Ä‚°Ä‚°Ä‚°Ä
‚°Ä‚°Ä‚°Ä‚°∏‚£¶‚£Ä‚£Ä‚°Ä‚°Ä‚°ò‚°Å‚£∏‚°Ä‚°Ä‚°Ä‚£ß‚°æ‚°Å‚°Ä‚°Ä‚°Ä‚°à‚£∑‚£§‚£Ñ‚°Ä‚°Ä‚°Ä‚°Ä‚°Ä‚£∑‚£Ä‚£Ä‚£∏‚°Ä‚°Ä‚°Ä‚°Ä‚°Ä‚°∞‚°∂‚°Ä‚°Ä‚°Ä‚°Ä
‚°Ä‚°Ä‚°Ä‚°Ä‚°Ä‚°â‚°Å‚°Ä‚°Ä‚°Ä‚°Ä‚°à‚°Ä‚°Ä‚°Ä‚°Ä‚°Ä‚°Ä‚°Ä‚°Ä‚°Ä‚°Ä‚°Ä‚°Ä‚°Ä‚°Ä‚°Ä‚°Ä‚°Ä‚°Ä‚°Ä‚°â‚°â‚°Ä‚°Ä‚°Ä‚°Ä‚°Ä‚°Ä‚°Ä‚°Ä‚°Ä‚°Ä‚°Ä‚°Ä
[0m",
  ],
]
`;

exports[`console output snapshots > interrupted message without banner 1`] = `
[
  [
    "[31m „Åù„Çå„Åß„ÇÇÔºÅ [0m",
  ],
]
`;

exports[`console output snapshots > no message set (empty string) 1`] = `
[
  [
    "",
  ],
]
`;

exports[`console output snapshots > passed message with banner 1`] = `
[
  [
    "[32m
‚°Ä‚°Ä‚°Ä‚°Ä‚°Ä‚°Ä‚°Ä‚°Ä‚°Ä‚°Ä‚°Ä‚°Ä‚°Ä‚°Ä‚°Ä‚°Ä‚°Ä‚°Ä‚°Ä‚°Ä‚°Ä‚°Ä‚°Ä‚°Ä‚°Ä‚°Ä‚°Ä‚°Ä‚°Ä‚°Ä‚°Ä‚°Ä‚°Ä‚°Ä‚°Ä‚°Ä‚°Ä‚°Ä‚°Ä‚°Ä‚°Ä‚°Ä‚°Ä‚°Ä‚°Ä‚°Ä‚°Ä‚°Ä‚°Ä‚°Ä‚°Ä‚°Ä‚°Ä‚°Ä‚°Ä‚°Ä‚°Ä‚°Ä‚°Ä‚°Ä‚°Ä‚°Ä‚°Ä‚°Ä‚°Ä‚°Ä‚°Ä‚°Ä‚°Ä‚°Ä‚°Ä‚°Ä‚°Ä‚°Ä‚°Ä‚°Ä‚°Ä‚°Ä‚°Ä‚°Ä‚°Ä‚°Ä‚°Ä‚°Ä‚°Ä‚°Ä‚°Ä‚°Ä‚°Ä
‚°Ä‚°Ä‚£§‚£§‚£§‚£§‚°Ä‚°Ä‚°Ä‚°Ä‚°Ä‚£§‚£§‚£§‚£§‚£§‚°Ä‚°Ä‚°Ä‚£§‚£§‚£§‚£§‚£§‚£§‚°Ä‚°Ä‚°Ä‚°Ä‚°Ä‚°Ä‚£§‚°Ä‚°Ä‚°Ä‚°Ä‚°Ä‚°Ä‚°Ä‚°Ä‚£§‚°Ä‚°Ä‚°Ä‚°Ä‚°Ä‚°Ä‚°Ä‚°Ä‚£§‚°Ä‚°Ä‚°Ä‚°Ä‚°Ä‚°Ä‚°Ä‚°Ä‚°Ä‚°Ä‚°Ä‚°Ä‚°Ä‚°Ä‚°Ä‚°Ä‚°Ä‚°Ä‚°Ä‚°Ä‚°Ä‚°Ä‚°Ä‚£§‚£Ñ‚°Ä‚°Ä‚°Ä‚°Ä‚°Ä‚°Ä‚°Ä‚°Ä‚°Ä‚£∂‚°Ä‚°Ä‚°Ä‚°Ä
‚°Ä‚°Ä‚°Ä‚°Ä‚°Ä‚£ø‚°Ä‚°Ä‚°Ä‚°Ä‚°Ä‚°Ä‚°Ä‚°Ä‚°Ä‚°Ä‚°Ä‚°Ä‚°Ä‚°Ä‚°Ä‚°Ä‚°Ä‚°Ä‚£ø‚°Ä‚°Ä‚°Ä‚£§‚£§‚£§‚£ø‚£§‚£§‚°Ä‚°Ä‚°Ä‚£§‚£§‚£§‚£ø‚£§‚£§‚°Ä‚°Ä‚°Ä‚£§‚£§‚£§‚£ø‚£§‚£§‚°Ä‚°Ä‚£§‚£§‚£§‚£§‚£§‚£§‚£§‚£§‚°Ä‚£§‚£§‚£§‚£§‚£§‚£§‚£§‚£§‚°Ä‚°Ä‚°Ä‚°â‚°Ä‚°Ä‚°Ä‚£∞‚°Ü‚°Ä‚°Ä‚°Ä‚°Ä‚£ø‚°Ä‚°Ä‚°Ä‚°Ä
‚°Ä‚°Ä‚°Ä‚°Ä‚°Ä‚£ø‚°Ä‚°Ä‚°Ä‚°Ä‚°Ä‚°Ä‚°Ä‚°Ä‚°Ä‚°Ä‚°Ä‚°Ä‚°Ä‚°Ä‚°Ä‚°Ä‚°Ä‚°Ä‚£ø‚°Ä‚°Ä‚°Ä‚°Ä‚£†‚°æ‚£ø‚°Ä‚°Ä‚°Ä‚°Ä‚°Ä‚°Ä‚£†‚°æ‚£ø‚°Ä‚°Ä‚°Ä‚°Ä‚°Ä‚°Ä‚£†‚°æ‚£ø‚°Ä‚°Ä‚°Ä‚°Ä‚°Ä‚°Ä‚°Ä‚°Ä‚°Ä‚°Ä‚°Ä‚°Ä‚°Ä‚°Ä‚°Ä‚°Ä‚°Ä‚°Ä‚°Ä‚°Ä‚°Ä‚°Ä‚°Ä‚°Ä‚°Ä‚°Ä‚£Ä‚£æ‚°ã‚°Ä‚°Ä‚°Ä‚°Ä‚°Ä‚°õ‚°Ä‚°Ä‚°Ä‚°Ä
‚°Ä‚°õ‚°õ‚°õ‚°õ‚°õ‚°õ‚°õ‚°É‚°Ä‚°õ‚°õ‚°õ‚°õ‚°õ‚°õ‚°õ‚°Ä‚°Ä‚°õ‚°õ‚°õ‚°õ‚°õ‚°ø‚°Ä‚°Ä‚°Ä‚°∂‚°ã‚£Ä‚°ø‚°Ä‚°Ä‚°Ä‚°Ä‚°Ä‚°∂‚°ã‚£Ä‚°ø‚°Ä‚°Ä‚°Ä‚°Ä‚°Ä‚°æ‚°ã‚£Ä‚°ø‚°Ä‚°Ä‚°Ä‚°Ä‚°Ä‚°Ä‚°Ä‚°Ä‚°Ä‚°Ä‚°Ä‚°Ä‚°Ä‚°Ä‚°Ä‚°Ä‚°Ä‚°Ä‚°Ä‚°Ä‚°Ä‚°Ä‚°Ä‚£∂‚°∂‚°ø‚°ã‚°Ä‚°Ä‚°Ä‚°Ä‚°Ä‚°Ä‚°Ä‚£∂‚°Ä‚°Ä‚°Ä‚°Ä
‚°Ä‚°Ä‚°Ä‚°Ä‚°Ä‚°Ä‚°Ä‚°Ä‚°Ä‚°Ä‚°Ä‚°Ä‚°Ä‚°Ä‚°Ä‚°Ä‚°Ä‚°Ä‚°Ä‚°Ä‚°Ä‚°Ä‚°Ä‚°Ä‚°Ä‚°Ä‚°Ä‚°Ä‚°Ä‚°Ä‚°Ä‚°Ä‚°Ä‚°Ä‚°Ä‚°Ä‚°Ä‚°Ä‚°Ä‚°Ä‚°Ä‚°Ä‚°Ä‚°Ä‚°Ä‚°Ä‚°Ä‚°Ä‚°Ä‚°Ä‚°Ä‚°Ä‚°Ä‚°Ä‚°Ä‚°Ä‚°Ä‚°Ä‚°Ä‚°Ä‚°Ä‚°Ä‚°Ä‚°Ä‚°Ä‚°Ä‚°Ä‚°Ä‚°Ä‚°Ä‚°Ä‚°Ä‚°Ä‚°Ä‚°Ä‚°Ä‚°Ä‚°Ä‚°Ä‚°Ä‚°Ä‚°Ä‚°Ä‚°Ä‚°Ä‚°Ä‚°Ä‚°Ä‚°Ä
[0m",
  ],
]
`;

exports[`console output snapshots > passed message without banner 1`] = `
[
  [
    "[32m „É¶„Éã„Ç≥„Ç©„Ç©„Ç©„Éº„Éº„É≥ÔºÅ [0m",
  ],
]
`;
